GPTL error:GPTLstart_instr self=0x40a270: GPTLinitialize has not been called
